users scanned: 3386206 (t=54.5s)
word>=100 candidates: 20000
users with >= 2 products: 14691
  active spaCy pipes: ['tok2vec', 'tagger', 'parser']
  parsing 71801 reviews for 14691 users (via parse_sentences_to_features)
  cache loaded: 298151 sentences from per_sentence_features.jsonl.gz
  total sentences: 299775 (unique: 279767)
  cache hits: 281462/299775, to parse: 18313 unique
    parsed 5120/18313 (t=12.5s)
    parsed 10240/18313 (t=25.3s)
    parsed 15104/18313 (t=37.3s)
  cache saved: 298151 entries
users parsed: 14682 (t=212.3s)
  eligible for L=3_N=10 (>=L=3 & >=20 sents): 4088
  eligible for L=5_N=10 (>=L=5 & >=20 sents): 3604
  eligible for L=5_N=20 (>=L=5 & >=40 sents): 883
  eligible for L=8_N=15 (>=L=8 & >=30 sents): 1158
  eligible for L=8_N=30 (>=L=8 & >=60 sents): 266
  eligible for L=10_N=20 (>=L=10 & >=40 sents): 503
  L=3_N=10 dev=2044 test=2044
  L=5_N=10 dev=1802 test=1802
  L=5_N=20 dev=441 test=442
  L=8_N=15 dev=579 test=579
  L=8_N=30 dev=133 test=133
  L=10_N=20 dev=251 test=252

=== Cell L=3_N=10: dev=2044 test=2044 ===
  dev AUC=0.6554+-0.0075  d=0.5323  seed_pass=0.73  delta=0.05127
      perm: 9999 iterations on 4088 halves (dim=318)
      perm done (t=43.2s)
  perm p_one=0.00010  p_two=0.00010
  test AUC=0.6512  d=0.5184  seed_pass=0.63

=== Cell L=5_N=10: dev=1802 test=1802 ===
  dev AUC=0.6507+-0.0062  d=0.5092  seed_pass=0.53  delta=0.04593
      perm: 9999 iterations on 3604 halves (dim=318)
      perm done (t=36.4s)
  perm p_one=0.00010  p_two=0.00010
  test AUC=0.6521  d=0.5207  seed_pass=0.57

=== Cell L=5_N=20: dev=441 test=442 ===
  dev AUC=0.7264+-0.0141  d=0.8072  seed_pass=1.00  delta=0.05528
      perm: 9999 iterations on 882 halves (dim=318)
      perm done (t=7.6s)
  perm p_one=0.00010  p_two=0.00010
  test AUC=0.7339  d=0.8384  seed_pass=1.00

=== Cell L=8_N=15: dev=579 test=579 ===
  dev AUC=0.6902+-0.0099  d=0.6732  seed_pass=1.00  delta=0.04647
      perm: 9999 iterations on 1158 halves (dim=318)
      perm done (t=10.0s)
  perm p_one=0.00010  p_two=0.00010
  test AUC=0.6992  d=0.7022  seed_pass=1.00

=== Cell L=8_N=30: dev=133 test=133 ===

=== Cell L=10_N=20: dev=251 test=252 ===
  dev AUC=0.7199+-0.0155  d=0.7882  seed_pass=1.00  delta=0.04605
      perm: 9999 iterations on 502 halves (dim=318)
      perm done (t=4.3s)
  perm p_one=0.00010  p_two=0.00010
  test AUC=0.7495  d=0.9001  seed_pass=1.00
wrote /home/wlia0047/ar57/wenyu/PersoanlQuery/result/e21_v9_results.json (t=1418.4s)
best_cell: (5, 20)
