users scanned: 3386206 (t=43.6s)
word>=100 candidates: 20000
users with >= 2 products: 14691
  active spaCy pipes: ['tok2vec', 'tagger', 'parser']
  parsing 71801 reviews for 14691 users...
    parsed 1024/71801 (t=83.1s)
    parsed 2048/71801 (t=86.5s)
    parsed 3072/71801 (t=90.7s)
    parsed 4096/71801 (t=94.5s)
    parsed 5120/71801 (t=97.3s)
    parsed 6144/71801 (t=100.6s)
    parsed 7168/71801 (t=103.2s)
    parsed 8192/71801 (t=106.4s)
    parsed 9216/71801 (t=109.6s)
    parsed 10240/71801 (t=112.9s)
    parsed 11008/71801 (t=115.3s)
    parsed 12032/71801 (t=118.5s)
    parsed 13056/71801 (t=121.6s)
    parsed 14080/71801 (t=124.7s)
    parsed 15104/71801 (t=127.8s)
    parsed 16128/71801 (t=131.0s)
    parsed 17152/71801 (t=134.6s)
    parsed 18176/71801 (t=137.7s)
    parsed 19200/71801 (t=141.0s)
    parsed 20224/71801 (t=143.7s)
    parsed 21248/71801 (t=148.3s)
    parsed 22016/71801 (t=151.0s)
    parsed 23040/71801 (t=154.6s)
    parsed 24064/71801 (t=157.3s)
    parsed 25088/71801 (t=160.1s)
    parsed 26112/71801 (t=163.2s)
    parsed 27136/71801 (t=166.1s)
    parsed 28160/71801 (t=169.3s)
    parsed 29184/71801 (t=172.6s)
    parsed 30208/71801 (t=176.0s)
    parsed 31232/71801 (t=179.1s)
    parsed 32000/71801 (t=181.4s)
    parsed 33024/71801 (t=184.7s)
    parsed 34048/71801 (t=189.5s)
    parsed 35072/71801 (t=192.8s)
    parsed 36096/71801 (t=196.2s)
    parsed 37120/71801 (t=199.2s)
    parsed 38144/71801 (t=202.1s)
    parsed 39168/71801 (t=206.7s)
    parsed 40192/71801 (t=210.0s)
    parsed 41216/71801 (t=213.5s)
    parsed 42240/71801 (t=216.5s)
    parsed 43008/71801 (t=219.4s)
    parsed 44032/71801 (t=222.5s)
    parsed 45056/71801 (t=225.8s)
    parsed 46080/71801 (t=229.3s)
    parsed 47104/71801 (t=232.8s)
    parsed 48128/71801 (t=236.6s)
    parsed 49152/71801 (t=240.0s)
    parsed 50176/71801 (t=244.3s)
    parsed 51200/71801 (t=247.9s)
    parsed 52224/71801 (t=251.9s)
    parsed 53248/71801 (t=255.5s)
    parsed 54016/71801 (t=258.1s)
    parsed 55040/71801 (t=261.6s)
    parsed 56064/71801 (t=265.3s)
    parsed 57088/71801 (t=268.9s)
    parsed 58112/71801 (t=272.3s)
    parsed 59136/71801 (t=275.9s)
    parsed 60160/71801 (t=279.3s)
    parsed 61184/71801 (t=283.4s)
    parsed 62208/71801 (t=287.2s)
    parsed 63232/71801 (t=291.3s)
    parsed 64000/71801 (t=294.2s)
    parsed 65024/71801 (t=298.1s)
    parsed 66048/71801 (t=302.0s)
    parsed 67072/71801 (t=306.1s)
    parsed 68096/71801 (t=310.1s)
    parsed 69120/71801 (t=313.9s)
    parsed 70144/71801 (t=318.2s)
    parsed 71168/71801 (t=322.2s)
users parsed: 14691 (t=325.0s)
eligible (≥40 sents of ≥5 words): 1062
dev users: 531, test users: 531

=== Dev evaluation (L=5, N=20) ===
  dev AUC=0.5816+-0.0145  d=0.3113  seed_pass=0.00  delta=0.01224

=== Dev 9999 permutations ===
  p_one=0.00010  p_two=0.00010

=== Test evaluation (independent users) ===
  test AUC=0.5732+-0.0113  d=0.2650  seed_pass=0.00  delta=0.01045

=== 4-gate evaluation ===
  test_users: 531.0000 >= 150  [PASS]
  auc: 0.5816 >= 0.65  [FAIL]
  cohen_d: 0.3113 >= 0.5  [FAIL]
  seed_pass_frac: 0.0000 >= 0.8  [FAIL]
  perm_p_two: 0.0001 < 0.01  [PASS]

ALL GATES PASS: False
wrote /home/wlia0047/ar57/wenyu/PersoanlQuery/result/e21_confirm_results.json (t=341.7s)
