[13:36:46] users=100, K_MAX=200, layers=[16, 24, 26]
[13:37:25] reviews collected
[13:37:45] construction sentences collected: users with >= 200: 39/100
[13:37:45] scale rewrites: 14784 cached, 0 to generate
Special tokens have been added in the vocabulary, make sure the associated word embeddings are fine-tuned or trained.
Loading checkpoint shards:   0%|          | 0/4 [00:00<?, ?it/s]Loading checkpoint shards:  25%|██▌       | 1/4 [00:02<00:08,  2.91s/it]Loading checkpoint shards:  50%|█████     | 2/4 [00:04<00:04,  2.06s/it]Loading checkpoint shards:  75%|███████▌  | 3/4 [00:05<00:01,  1.79s/it]Loading checkpoint shards: 100%|██████████| 4/4 [00:08<00:00,  2.23s/it]Loading checkpoint shards: 100%|██████████| 4/4 [00:08<00:00,  2.19s/it]
[13:37:55] scale rewrites done: total=14784, empty/short=6
[13:37:55] scale hidden: 0 cached, 27832 to compute
[13:38:00]   hidden 32/27832
[13:38:00]   hidden 64/27832
[13:38:00]   hidden 96/27832
[13:38:00]   hidden 128/27832
[13:38:00]   hidden 160/27832
[13:38:00]   hidden 192/27832
[13:38:00]   hidden 224/27832
[13:38:00]   hidden 256/27832
[13:38:01]   hidden 288/27832
[13:38:01]   hidden 320/27832
[13:38:01]   hidden 352/27832
[13:38:01]   hidden 384/27832
[13:38:01]   hidden 416/27832
[13:38:01]   hidden 448/27832
[13:38:01]   hidden 480/27832
[13:38:01]   hidden 512/27832
[13:38:01]   hidden 544/27832
[13:38:01]   hidden 576/27832
[13:38:02]   hidden 608/27832
[13:38:02]   hidden 640/27832
[13:38:02]   hidden 672/27832
[13:38:02]   hidden 704/27832
[13:38:02]   hidden 736/27832
[13:38:02]   hidden 768/27832
[13:38:03]   hidden 800/27832
[13:38:03]   hidden 832/27832
[13:38:03]   hidden 864/27832
[13:38:03]   hidden 896/27832
[13:38:03]   hidden 928/27832
[13:38:03]   hidden 960/27832
[13:38:03]   hidden 992/27832
[13:38:03]   hidden 1024/27832
[13:38:03]   hidden 1056/27832
[13:38:03]   hidden 1088/27832
[13:38:03]   hidden 1120/27832
[13:38:04]   hidden 1152/27832
[13:38:04]   hidden 1184/27832
[13:38:04]   hidden 1216/27832
[13:38:04]   hidden 1248/27832
[13:38:04]   hidden 1280/27832
[13:38:04]   hidden 1312/27832
[13:38:04]   hidden 1344/27832
[13:38:04]   hidden 1376/27832
[13:38:04]   hidden 1408/27832
[13:38:04]   hidden 1440/27832
[13:38:04]   hidden 1472/27832
[13:38:05]   hidden 1504/27832
[13:38:05]   hidden 1536/27832
[13:38:05]   hidden 1568/27832
[13:38:05]   hidden 1600/27832
[13:38:05]   hidden 1632/27832
[13:38:05]   hidden 1664/27832
[13:38:05]   hidden 1696/27832
[13:38:05]   hidden 1728/27832
[13:38:05]   hidden 1760/27832
[13:38:05]   hidden 1792/27832
[13:38:05]   hidden 1824/27832
[13:38:06]   hidden 1856/27832
[13:38:06]   hidden 1888/27832
[13:38:06]   hidden 1920/27832
[13:38:06]   hidden 1952/27832
[13:38:06]   hidden 1984/27832
[13:38:06]   hidden 2016/27832
[13:38:06]   hidden 2048/27832
[13:38:06]   hidden 2080/27832
[13:38:06]   hidden 2112/27832
[13:38:06]   hidden 2144/27832
[13:38:06]   hidden 2176/27832
[13:38:07]   hidden 2208/27832
[13:38:07]   hidden 2240/27832
[13:38:07]   hidden 2272/27832
[13:38:07]   hidden 2304/27832
[13:38:07]   hidden 2336/27832
[13:38:07]   hidden 2368/27832
[13:38:07]   hidden 2400/27832
[13:38:07]   hidden 2432/27832
[13:38:07]   hidden 2464/27832
[13:38:07]   hidden 2496/27832
[13:38:07]   hidden 2528/27832
[13:38:07]   hidden 2560/27832
[13:38:08]   hidden 2592/27832
[13:38:08]   hidden 2624/27832
[13:38:08]   hidden 2656/27832
[13:38:08]   hidden 2688/27832
[13:38:08]   hidden 2720/27832
[13:38:08]   hidden 2752/27832
[13:38:08]   hidden 2784/27832
[13:38:08]   hidden 2816/27832
[13:38:08]   hidden 2848/27832
[13:38:08]   hidden 2880/27832
[13:38:08]   hidden 2912/27832
[13:38:09]   hidden 2944/27832
[13:38:09]   hidden 2976/27832
[13:38:09]   hidden 3008/27832
[13:38:09]   hidden 3040/27832
[13:38:09]   hidden 3072/27832
[13:38:09]   hidden 3104/27832
[13:38:09]   hidden 3136/27832
[13:38:09]   hidden 3168/27832
[13:38:09]   hidden 3200/27832
[13:38:10]   hidden 3232/27832
[13:38:10]   hidden 3264/27832
[13:38:10]   hidden 3296/27832
[13:38:10]   hidden 3328/27832
[13:38:10]   hidden 3360/27832
[13:38:10]   hidden 3392/27832
[13:38:10]   hidden 3424/27832
[13:38:10]   hidden 3456/27832
[13:38:10]   hidden 3488/27832
[13:38:10]   hidden 3520/27832
[13:38:10]   hidden 3552/27832
[13:38:11]   hidden 3584/27832
[13:38:11]   hidden 3616/27832
[13:38:11]   hidden 3648/27832
[13:38:11]   hidden 3680/27832
[13:38:11]   hidden 3712/27832
[13:38:11]   hidden 3744/27832
[13:38:11]   hidden 3776/27832
[13:38:11]   hidden 3808/27832
[13:38:11]   hidden 3840/27832
[13:38:11]   hidden 3872/27832
[13:38:12]   hidden 3904/27832
[13:38:12]   hidden 3936/27832
[13:38:12]   hidden 3968/27832
[13:38:12]   hidden 4000/27832
[13:38:12]   hidden 4032/27832
[13:38:12]   hidden 4064/27832
[13:38:12]   hidden 4096/27832
[13:38:12]   hidden 4128/27832
[13:38:13]   hidden 4160/27832
[13:38:13]   hidden 4192/27832
[13:38:13]   hidden 4224/27832
[13:38:13]   hidden 4256/27832
[13:38:13]   hidden 4288/27832
[13:38:13]   hidden 4320/27832
[13:38:13]   hidden 4352/27832
[13:38:13]   hidden 4384/27832
[13:38:14]   hidden 4416/27832
[13:38:14]   hidden 4448/27832
[13:38:14]   hidden 4480/27832
[13:38:14]   hidden 4512/27832
[13:38:14]   hidden 4544/27832
[13:38:14]   hidden 4576/27832
[13:38:14]   hidden 4608/27832
[13:38:14]   hidden 4640/27832
[13:38:15]   hidden 4672/27832
[13:38:15]   hidden 4704/27832
[13:38:15]   hidden 4736/27832
[13:38:15]   hidden 4768/27832
[13:38:15]   hidden 4800/27832
[13:38:15]   hidden 4832/27832
[13:38:15]   hidden 4864/27832
[13:38:16]   hidden 4896/27832
[13:38:16]   hidden 4928/27832
[13:38:16]   hidden 4960/27832
[13:38:16]   hidden 4992/27832
[13:38:16]   hidden 5024/27832
[13:38:16]   hidden 5056/27832
[13:38:16]   hidden 5088/27832
[13:38:16]   hidden 5120/27832
[13:38:16]   hidden 5152/27832
[13:38:17]   hidden 5184/27832
[13:38:17]   hidden 5216/27832
[13:38:17]   hidden 5248/27832
[13:38:17]   hidden 5280/27832
[13:38:17]   hidden 5312/27832
[13:38:17]   hidden 5344/27832
[13:38:17]   hidden 5376/27832
[13:38:17]   hidden 5408/27832
[13:38:17]   hidden 5440/27832
[13:38:18]   hidden 5472/27832
[13:38:18]   hidden 5504/27832
[13:38:18]   hidden 5536/27832
[13:38:18]   hidden 5568/27832
[13:38:18]   hidden 5600/27832
[13:38:18]   hidden 5632/27832
[13:38:18]   hidden 5664/27832
[13:38:18]   hidden 5696/27832
[13:38:19]   hidden 5728/27832
[13:38:19]   hidden 5760/27832
[13:38:19]   hidden 5792/27832
[13:38:19]   hidden 5824/27832
[13:38:19]   hidden 5856/27832
[13:38:19]   hidden 5888/27832
[13:38:19]   hidden 5920/27832
[13:38:19]   hidden 5952/27832
[13:38:19]   hidden 5984/27832
[13:38:20]   hidden 6016/27832
[13:38:20]   hidden 6048/27832
[13:38:20]   hidden 6080/27832
[13:38:20]   hidden 6112/27832
[13:38:20]   hidden 6144/27832
[13:38:20]   hidden 6176/27832
[13:38:20]   hidden 6208/27832
[13:38:20]   hidden 6240/27832
[13:38:20]   hidden 6272/27832
[13:38:20]   hidden 6304/27832
[13:38:21]   hidden 6336/27832
[13:38:21]   hidden 6368/27832
[13:38:21]   hidden 6400/27832
[13:38:21]   hidden 6432/27832
[13:38:21]   hidden 6464/27832
[13:38:21]   hidden 6496/27832
[13:38:21]   hidden 6528/27832
[13:38:21]   hidden 6560/27832
[13:38:22]   hidden 6592/27832
[13:38:22]   hidden 6624/27832
[13:38:22]   hidden 6656/27832
[13:38:22]   hidden 6688/27832
[13:38:22]   hidden 6720/27832
[13:38:22]   hidden 6752/27832
[13:38:22]   hidden 6784/27832
[13:38:22]   hidden 6816/27832
[13:38:22]   hidden 6848/27832
[13:38:23]   hidden 6880/27832
[13:38:23]   hidden 6912/27832
[13:38:23]   hidden 6944/27832
[13:38:23]   hidden 6976/27832
[13:38:23]   hidden 7008/27832
[13:38:23]   hidden 7040/27832
[13:38:23]   hidden 7072/27832
[13:38:23]   hidden 7104/27832
[13:38:23]   hidden 7136/27832
[13:38:24]   hidden 7168/27832
[13:38:24]   hidden 7200/27832
[13:38:24]   hidden 7232/27832
[13:38:24]   hidden 7264/27832
[13:38:24]   hidden 7296/27832
[13:38:24]   hidden 7328/27832
[13:38:24]   hidden 7360/27832
[13:38:25]   hidden 7392/27832
[13:38:25]   hidden 7424/27832
[13:38:25]   hidden 7456/27832
[13:38:25]   hidden 7488/27832
[13:38:25]   hidden 7520/27832
[13:38:25]   hidden 7552/27832
[13:38:25]   hidden 7584/27832
[13:38:25]   hidden 7616/27832
[13:38:25]   hidden 7648/27832
[13:38:26]   hidden 7680/27832
[13:38:26]   hidden 7712/27832
[13:38:26]   hidden 7744/27832
[13:38:26]   hidden 7776/27832
[13:38:26]   hidden 7808/27832
[13:38:26]   hidden 7840/27832
[13:38:26]   hidden 7872/27832
[13:38:26]   hidden 7904/27832
[13:38:27]   hidden 7936/27832
[13:38:27]   hidden 7968/27832
[13:38:27]   hidden 8000/27832
[13:38:27]   hidden 8032/27832
[13:38:27]   hidden 8064/27832
[13:38:27]   hidden 8096/27832
[13:38:27]   hidden 8128/27832
[13:38:27]   hidden 8160/27832
[13:38:27]   hidden 8192/27832
[13:38:27]   hidden 8224/27832
[13:38:28]   hidden 8256/27832
[13:38:28]   hidden 8288/27832
[13:38:28]   hidden 8320/27832
[13:38:28]   hidden 8352/27832
[13:38:28]   hidden 8384/27832
[13:38:28]   hidden 8416/27832
[13:38:28]   hidden 8448/27832
[13:38:29]   hidden 8480/27832
[13:38:29]   hidden 8512/27832
[13:38:29]   hidden 8544/27832
[13:38:29]   hidden 8576/27832
[13:38:29]   hidden 8608/27832
[13:38:29]   hidden 8640/27832
[13:38:29]   hidden 8672/27832
[13:38:30]   hidden 8704/27832
[13:38:30]   hidden 8736/27832
[13:38:30]   hidden 8768/27832
[13:38:30]   hidden 8800/27832
[13:38:30]   hidden 8832/27832
[13:38:30]   hidden 8864/27832
[13:38:30]   hidden 8896/27832
[13:38:30]   hidden 8928/27832
[13:38:30]   hidden 8960/27832
[13:38:31]   hidden 8992/27832
[13:38:31]   hidden 9024/27832
[13:38:31]   hidden 9056/27832
[13:38:31]   hidden 9088/27832
[13:38:31]   hidden 9120/27832
[13:38:31]   hidden 9152/27832
[13:38:31]   hidden 9184/27832
[13:38:32]   hidden 9216/27832
[13:38:32]   hidden 9248/27832
[13:38:32]   hidden 9280/27832
[13:38:32]   hidden 9312/27832
[13:38:32]   hidden 9344/27832
[13:38:32]   hidden 9376/27832
[13:38:32]   hidden 9408/27832
[13:38:32]   hidden 9440/27832
[13:38:33]   hidden 9472/27832
[13:38:33]   hidden 9504/27832
[13:38:33]   hidden 9536/27832
[13:38:33]   hidden 9568/27832
[13:38:33]   hidden 9600/27832
[13:38:33]   hidden 9632/27832
[13:38:33]   hidden 9664/27832
[13:38:33]   hidden 9696/27832
[13:38:34]   hidden 9728/27832
[13:38:34]   hidden 9760/27832
[13:38:34]   hidden 9792/27832
[13:38:34]   hidden 9824/27832
[13:38:34]   hidden 9856/27832
[13:38:34]   hidden 9888/27832
[13:38:34]   hidden 9920/27832
[13:38:34]   hidden 9952/27832
[13:38:34]   hidden 9984/27832
[13:38:35]   hidden 10016/27832
[13:38:35]   hidden 10048/27832
[13:38:35]   hidden 10080/27832
[13:38:35]   hidden 10112/27832
[13:38:35]   hidden 10144/27832
[13:38:35]   hidden 10176/27832
[13:38:35]   hidden 10208/27832
[13:38:35]   hidden 10240/27832
[13:38:36]   hidden 10272/27832
[13:38:36]   hidden 10304/27832
[13:38:36]   hidden 10336/27832
[13:38:36]   hidden 10368/27832
[13:38:36]   hidden 10400/27832
[13:38:36]   hidden 10432/27832
[13:38:37]   hidden 10464/27832
[13:38:37]   hidden 10496/27832
[13:38:37]   hidden 10528/27832
[13:38:37]   hidden 10560/27832
[13:38:37]   hidden 10592/27832
[13:38:37]   hidden 10624/27832
[13:38:37]   hidden 10656/27832
[13:38:37]   hidden 10688/27832
[13:38:37]   hidden 10720/27832
[13:38:38]   hidden 10752/27832
[13:38:38]   hidden 10784/27832
[13:38:38]   hidden 10816/27832
[13:38:38]   hidden 10848/27832
[13:38:38]   hidden 10880/27832
[13:38:38]   hidden 10912/27832
[13:38:38]   hidden 10944/27832
[13:38:38]   hidden 10976/27832
[13:38:38]   hidden 11008/27832
[13:38:38]   hidden 11040/27832
[13:38:39]   hidden 11072/27832
[13:38:39]   hidden 11104/27832
[13:38:39]   hidden 11136/27832
[13:38:39]   hidden 11168/27832
[13:38:39]   hidden 11200/27832
[13:38:39]   hidden 11232/27832
[13:38:39]   hidden 11264/27832
[13:38:39]   hidden 11296/27832
[13:38:40]   hidden 11328/27832
[13:38:40]   hidden 11360/27832
[13:38:40]   hidden 11392/27832
[13:38:40]   hidden 11424/27832
[13:38:40]   hidden 11456/27832
[13:38:40]   hidden 11488/27832
[13:38:40]   hidden 11520/27832
[13:38:40]   hidden 11552/27832
[13:38:40]   hidden 11584/27832
[13:38:41]   hidden 11616/27832
[13:38:41]   hidden 11648/27832
[13:38:41]   hidden 11680/27832
[13:38:41]   hidden 11712/27832
[13:38:41]   hidden 11744/27832
[13:38:41]   hidden 11776/27832
[13:38:41]   hidden 11808/27832
[13:38:41]   hidden 11840/27832
[13:38:41]   hidden 11872/27832
[13:38:42]   hidden 11904/27832
[13:38:42]   hidden 11936/27832
[13:38:42]   hidden 11968/27832
[13:38:42]   hidden 12000/27832
[13:38:43]   hidden 12032/27832
[13:38:43]   hidden 12064/27832
[13:38:43]   hidden 12096/27832
[13:38:43]   hidden 12128/27832
[13:38:43]   hidden 12160/27832
[13:38:43]   hidden 12192/27832
[13:38:44]   hidden 12224/27832
[13:38:44]   hidden 12256/27832
[13:38:44]   hidden 12288/27832
[13:38:44]   hidden 12320/27832
[13:38:44]   hidden 12352/27832
[13:38:44]   hidden 12384/27832
[13:38:44]   hidden 12416/27832
[13:38:44]   hidden 12448/27832
[13:38:44]   hidden 12480/27832
[13:38:45]   hidden 12512/27832
[13:38:45]   hidden 12544/27832
[13:38:45]   hidden 12576/27832
[13:38:45]   hidden 12608/27832
[13:38:45]   hidden 12640/27832
[13:38:45]   hidden 12672/27832
[13:38:45]   hidden 12704/27832
[13:38:46]   hidden 12736/27832
[13:38:46]   hidden 12768/27832
[13:38:46]   hidden 12800/27832
[13:38:46]   hidden 12832/27832
[13:38:46]   hidden 12864/27832
[13:38:46]   hidden 12896/27832
[13:38:46]   hidden 12928/27832
[13:38:46]   hidden 12960/27832
[13:38:47]   hidden 12992/27832
[13:38:47]   hidden 13024/27832
[13:38:47]   hidden 13056/27832
[13:38:47]   hidden 13088/27832
[13:38:47]   hidden 13120/27832
[13:38:47]   hidden 13152/27832
[13:38:47]   hidden 13184/27832
[13:38:47]   hidden 13216/27832
[13:38:48]   hidden 13248/27832
[13:38:48]   hidden 13280/27832
[13:38:48]   hidden 13312/27832
[13:38:48]   hidden 13344/27832
[13:38:48]   hidden 13376/27832
[13:38:48]   hidden 13408/27832
[13:38:48]   hidden 13440/27832
[13:38:48]   hidden 13472/27832
[13:38:48]   hidden 13504/27832
[13:38:49]   hidden 13536/27832
[13:38:49]   hidden 13568/27832
[13:38:49]   hidden 13600/27832
[13:38:49]   hidden 13632/27832
[13:38:49]   hidden 13664/27832
[13:38:49]   hidden 13696/27832
[13:38:49]   hidden 13728/27832
[13:38:49]   hidden 13760/27832
[13:38:49]   hidden 13792/27832
[13:38:50]   hidden 13824/27832
[13:38:50]   hidden 13856/27832
[13:38:50]   hidden 13888/27832
[13:38:50]   hidden 13920/27832
[13:38:50]   hidden 13952/27832
[13:38:50]   hidden 13984/27832
[13:38:50]   hidden 14016/27832
[13:38:50]   hidden 14048/27832
[13:38:51]   hidden 14080/27832
[13:38:51]   hidden 14112/27832
[13:38:51]   hidden 14144/27832
[13:38:51]   hidden 14176/27832
[13:38:51]   hidden 14208/27832
[13:38:51]   hidden 14240/27832
[13:38:51]   hidden 14272/27832
[13:38:51]   hidden 14304/27832
[13:38:52]   hidden 14336/27832
[13:38:52]   hidden 14368/27832
[13:38:52]   hidden 14400/27832
[13:38:52]   hidden 14432/27832
[13:38:52]   hidden 14464/27832
[13:38:52]   hidden 14496/27832
[13:38:52]   hidden 14528/27832
[13:38:52]   hidden 14560/27832
[13:38:52]   hidden 14592/27832
[13:38:53]   hidden 14624/27832
[13:38:53]   hidden 14656/27832
[13:38:53]   hidden 14688/27832
[13:38:53]   hidden 14720/27832
[13:38:53]   hidden 14752/27832
[13:38:53]   hidden 14784/27832
[13:38:53]   hidden 14816/27832
[13:38:53]   hidden 14848/27832
[13:38:53]   hidden 14880/27832
[13:38:54]   hidden 14912/27832
[13:38:54]   hidden 14944/27832
[13:38:54]   hidden 14976/27832
[13:38:54]   hidden 15008/27832
[13:38:54]   hidden 15040/27832
[13:38:54]   hidden 15072/27832
[13:38:54]   hidden 15104/27832
[13:38:54]   hidden 15136/27832
[13:38:55]   hidden 15168/27832
[13:38:55]   hidden 15200/27832
[13:38:55]   hidden 15232/27832
[13:38:55]   hidden 15264/27832
[13:38:55]   hidden 15296/27832
[13:38:55]   hidden 15328/27832
[13:38:55]   hidden 15360/27832
[13:38:55]   hidden 15392/27832
[13:38:55]   hidden 15424/27832
[13:38:56]   hidden 15456/27832
[13:38:56]   hidden 15488/27832
[13:38:56]   hidden 15520/27832
[13:38:56]   hidden 15552/27832
[13:38:56]   hidden 15584/27832
[13:38:56]   hidden 15616/27832
[13:38:56]   hidden 15648/27832
[13:38:57]   hidden 15680/27832
[13:38:57]   hidden 15712/27832
[13:38:57]   hidden 15744/27832
[13:38:57]   hidden 15776/27832
[13:38:57]   hidden 15808/27832
[13:38:57]   hidden 15840/27832
[13:38:57]   hidden 15872/27832
[13:38:57]   hidden 15904/27832
[13:38:57]   hidden 15936/27832
[13:38:57]   hidden 15968/27832
[13:38:58]   hidden 16000/27832
[13:38:58]   hidden 16032/27832
[13:38:58]   hidden 16064/27832
[13:38:58]   hidden 16096/27832
[13:38:58]   hidden 16128/27832
[13:38:58]   hidden 16160/27832
[13:38:58]   hidden 16192/27832
[13:38:58]   hidden 16224/27832
[13:38:58]   hidden 16256/27832
[13:38:59]   hidden 16288/27832
[13:38:59]   hidden 16320/27832
[13:38:59]   hidden 16352/27832
[13:38:59]   hidden 16384/27832
[13:38:59]   hidden 16416/27832
[13:38:59]   hidden 16448/27832
[13:38:59]   hidden 16480/27832
[13:38:59]   hidden 16512/27832
[13:38:59]   hidden 16544/27832
[13:38:59]   hidden 16576/27832
[13:38:59]   hidden 16608/27832
[13:38:59]   hidden 16640/27832
[13:39:00]   hidden 16672/27832
[13:39:00]   hidden 16704/27832
[13:39:00]   hidden 16736/27832
[13:39:00]   hidden 16768/27832
[13:39:00]   hidden 16800/27832
[13:39:00]   hidden 16832/27832
[13:39:00]   hidden 16864/27832
[13:39:00]   hidden 16896/27832
[13:39:00]   hidden 16928/27832
[13:39:01]   hidden 16960/27832
[13:39:01]   hidden 16992/27832
[13:39:01]   hidden 17024/27832
[13:39:01]   hidden 17056/27832
[13:39:01]   hidden 17088/27832
[13:39:01]   hidden 17120/27832
[13:39:01]   hidden 17152/27832
[13:39:01]   hidden 17184/27832
[13:39:01]   hidden 17216/27832
[13:39:02]   hidden 17248/27832
[13:39:02]   hidden 17280/27832
[13:39:02]   hidden 17312/27832
[13:39:02]   hidden 17344/27832
[13:39:02]   hidden 17376/27832
[13:39:02]   hidden 17408/27832
[13:39:02]   hidden 17440/27832
[13:39:02]   hidden 17472/27832
[13:39:03]   hidden 17504/27832
[13:39:03]   hidden 17536/27832
[13:39:03]   hidden 17568/27832
[13:39:03]   hidden 17600/27832
[13:39:03]   hidden 17632/27832
[13:39:03]   hidden 17664/27832
[13:39:03]   hidden 17696/27832
[13:39:03]   hidden 17728/27832
[13:39:04]   hidden 17760/27832
[13:39:04]   hidden 17792/27832
[13:39:04]   hidden 17824/27832
[13:39:04]   hidden 17856/27832
[13:39:04]   hidden 17888/27832
[13:39:04]   hidden 17920/27832
[13:39:04]   hidden 17952/27832
[13:39:04]   hidden 17984/27832
[13:39:04]   hidden 18016/27832
[13:39:05]   hidden 18048/27832
[13:39:05]   hidden 18080/27832
[13:39:05]   hidden 18112/27832
[13:39:05]   hidden 18144/27832
[13:39:05]   hidden 18176/27832
[13:39:05]   hidden 18208/27832
[13:39:05]   hidden 18240/27832
[13:39:05]   hidden 18272/27832
[13:39:05]   hidden 18304/27832
[13:39:06]   hidden 18336/27832
[13:39:06]   hidden 18368/27832
[13:39:06]   hidden 18400/27832
[13:39:06]   hidden 18432/27832
[13:39:06]   hidden 18464/27832
[13:39:06]   hidden 18496/27832
[13:39:06]   hidden 18528/27832
[13:39:06]   hidden 18560/27832
[13:39:06]   hidden 18592/27832
[13:39:07]   hidden 18624/27832
[13:39:07]   hidden 18656/27832
[13:39:07]   hidden 18688/27832
[13:39:07]   hidden 18720/27832
[13:39:07]   hidden 18752/27832
[13:39:07]   hidden 18784/27832
[13:39:07]   hidden 18816/27832
[13:39:07]   hidden 18848/27832
[13:39:07]   hidden 18880/27832
[13:39:07]   hidden 18912/27832
[13:39:08]   hidden 18944/27832
[13:39:08]   hidden 18976/27832
[13:39:08]   hidden 19008/27832
[13:39:08]   hidden 19040/27832
[13:39:08]   hidden 19072/27832
[13:39:08]   hidden 19104/27832
[13:39:08]   hidden 19136/27832
[13:39:08]   hidden 19168/27832
[13:39:08]   hidden 19200/27832
[13:39:08]   hidden 19232/27832
[13:39:09]   hidden 19264/27832
[13:39:09]   hidden 19296/27832
[13:39:09]   hidden 19328/27832
[13:39:09]   hidden 19360/27832
[13:39:09]   hidden 19392/27832
[13:39:09]   hidden 19424/27832
[13:39:09]   hidden 19456/27832
[13:39:09]   hidden 19488/27832
[13:39:09]   hidden 19520/27832
[13:39:09]   hidden 19552/27832
[13:39:10]   hidden 19584/27832
[13:39:10]   hidden 19616/27832
[13:39:10]   hidden 19648/27832
[13:39:10]   hidden 19680/27832
[13:39:10]   hidden 19712/27832
[13:39:10]   hidden 19744/27832
[13:39:10]   hidden 19776/27832
[13:39:10]   hidden 19808/27832
[13:39:10]   hidden 19840/27832
[13:39:11]   hidden 19872/27832
[13:39:11]   hidden 19904/27832
[13:39:11]   hidden 19936/27832
[13:39:11]   hidden 19968/27832
[13:39:11]   hidden 20000/27832
[13:39:11]   hidden 20032/27832
[13:39:11]   hidden 20064/27832
[13:39:11]   hidden 20096/27832
[13:39:11]   hidden 20128/27832
[13:39:11]   hidden 20160/27832
[13:39:12]   hidden 20192/27832
[13:39:12]   hidden 20224/27832
[13:39:12]   hidden 20256/27832
[13:39:12]   hidden 20288/27832
[13:39:12]   hidden 20320/27832
[13:39:12]   hidden 20352/27832
[13:39:12]   hidden 20384/27832
[13:39:12]   hidden 20416/27832
[13:39:12]   hidden 20448/27832
[13:39:12]   hidden 20480/27832
[13:39:13]   hidden 20512/27832
[13:39:13]   hidden 20544/27832
[13:39:13]   hidden 20576/27832
[13:39:13]   hidden 20608/27832
[13:39:13]   hidden 20640/27832
[13:39:13]   hidden 20672/27832
[13:39:13]   hidden 20704/27832
[13:39:13]   hidden 20736/27832
[13:39:13]   hidden 20768/27832
[13:39:13]   hidden 20800/27832
[13:39:14]   hidden 20832/27832
[13:39:14]   hidden 20864/27832
[13:39:14]   hidden 20896/27832
[13:39:14]   hidden 20928/27832
[13:39:14]   hidden 20960/27832
[13:39:14]   hidden 20992/27832
[13:39:14]   hidden 21024/27832
[13:39:14]   hidden 21056/27832
[13:39:14]   hidden 21088/27832
[13:39:14]   hidden 21120/27832
[13:39:15]   hidden 21152/27832
[13:39:15]   hidden 21184/27832
[13:39:15]   hidden 21216/27832
[13:39:15]   hidden 21248/27832
[13:39:15]   hidden 21280/27832
[13:39:15]   hidden 21312/27832
[13:39:15]   hidden 21344/27832
[13:39:15]   hidden 21376/27832
[13:39:16]   hidden 21408/27832
[13:39:16]   hidden 21440/27832
[13:39:16]   hidden 21472/27832
[13:39:16]   hidden 21504/27832
[13:39:16]   hidden 21536/27832
[13:39:16]   hidden 21568/27832
[13:39:16]   hidden 21600/27832
[13:39:16]   hidden 21632/27832
[13:39:17]   hidden 21664/27832
[13:39:17]   hidden 21696/27832
[13:39:17]   hidden 21728/27832
[13:39:17]   hidden 21760/27832
[13:39:17]   hidden 21792/27832
[13:39:17]   hidden 21824/27832
[13:39:17]   hidden 21856/27832
[13:39:17]   hidden 21888/27832
[13:39:18]   hidden 21920/27832
[13:39:18]   hidden 21952/27832
[13:39:18]   hidden 21984/27832
[13:39:18]   hidden 22016/27832
[13:39:18]   hidden 22048/27832
[13:39:18]   hidden 22080/27832
[13:39:18]   hidden 22112/27832
[13:39:18]   hidden 22144/27832
[13:39:18]   hidden 22176/27832
[13:39:18]   hidden 22208/27832
[13:39:19]   hidden 22240/27832
[13:39:19]   hidden 22272/27832
[13:39:19]   hidden 22304/27832
[13:39:19]   hidden 22336/27832
[13:39:19]   hidden 22368/27832
[13:39:19]   hidden 22400/27832
[13:39:19]   hidden 22432/27832
[13:39:19]   hidden 22464/27832
[13:39:19]   hidden 22496/27832
[13:39:20]   hidden 22528/27832
[13:39:20]   hidden 22560/27832
[13:39:20]   hidden 22592/27832
[13:39:20]   hidden 22624/27832
[13:39:20]   hidden 22656/27832
[13:39:20]   hidden 22688/27832
[13:39:20]   hidden 22720/27832
[13:39:20]   hidden 22752/27832
[13:39:21]   hidden 22784/27832
[13:39:21]   hidden 22816/27832
[13:39:21]   hidden 22848/27832
[13:39:21]   hidden 22880/27832
[13:39:21]   hidden 22912/27832
[13:39:21]   hidden 22944/27832
[13:39:21]   hidden 22976/27832
[13:39:21]   hidden 23008/27832
[13:39:22]   hidden 23040/27832
[13:39:22]   hidden 23072/27832
[13:39:22]   hidden 23104/27832
[13:39:22]   hidden 23136/27832
[13:39:22]   hidden 23168/27832
[13:39:22]   hidden 23200/27832
[13:39:22]   hidden 23232/27832
[13:39:22]   hidden 23264/27832
[13:39:22]   hidden 23296/27832
[13:39:22]   hidden 23328/27832
[13:39:23]   hidden 23360/27832
[13:39:23]   hidden 23392/27832
[13:39:23]   hidden 23424/27832
[13:39:23]   hidden 23456/27832
[13:39:23]   hidden 23488/27832
[13:39:23]   hidden 23520/27832
[13:39:23]   hidden 23552/27832
[13:39:23]   hidden 23584/27832
[13:39:24]   hidden 23616/27832
[13:39:24]   hidden 23648/27832
[13:39:24]   hidden 23680/27832
[13:39:24]   hidden 23712/27832
[13:39:24]   hidden 23744/27832
[13:39:24]   hidden 23776/27832
[13:39:24]   hidden 23808/27832
[13:39:24]   hidden 23840/27832
[13:39:24]   hidden 23872/27832
[13:39:25]   hidden 23904/27832
[13:39:25]   hidden 23936/27832
[13:39:25]   hidden 23968/27832
[13:39:25]   hidden 24000/27832
[13:39:25]   hidden 24032/27832
[13:39:25]   hidden 24064/27832
[13:39:25]   hidden 24096/27832
[13:39:25]   hidden 24128/27832
[13:39:25]   hidden 24160/27832
[13:39:26]   hidden 24192/27832
[13:39:26]   hidden 24224/27832
[13:39:26]   hidden 24256/27832
[13:39:26]   hidden 24288/27832
[13:39:26]   hidden 24320/27832
[13:39:26]   hidden 24352/27832
[13:39:26]   hidden 24384/27832
[13:39:26]   hidden 24416/27832
[13:39:26]   hidden 24448/27832
[13:39:27]   hidden 24480/27832
[13:39:27]   hidden 24512/27832
[13:39:27]   hidden 24544/27832
[13:39:27]   hidden 24576/27832
[13:39:27]   hidden 24608/27832
[13:39:27]   hidden 24640/27832
[13:39:27]   hidden 24672/27832
[13:39:27]   hidden 24704/27832
[13:39:27]   hidden 24736/27832
[13:39:28]   hidden 24768/27832
[13:39:28]   hidden 24800/27832
[13:39:28]   hidden 24832/27832
[13:39:28]   hidden 24864/27832
[13:39:28]   hidden 24896/27832
[13:39:28]   hidden 24928/27832
[13:39:28]   hidden 24960/27832
[13:39:28]   hidden 24992/27832
[13:39:29]   hidden 25024/27832
[13:39:29]   hidden 25056/27832
[13:39:29]   hidden 25088/27832
[13:39:29]   hidden 25120/27832
[13:39:29]   hidden 25152/27832
[13:39:29]   hidden 25184/27832
[13:39:29]   hidden 25216/27832
[13:39:29]   hidden 25248/27832
[13:39:30]   hidden 25280/27832
[13:39:30]   hidden 25312/27832
[13:39:30]   hidden 25344/27832
[13:39:30]   hidden 25376/27832
[13:39:30]   hidden 25408/27832
[13:39:30]   hidden 25440/27832
[13:39:30]   hidden 25472/27832
[13:39:31]   hidden 25504/27832
[13:39:31]   hidden 25536/27832
[13:39:31]   hidden 25568/27832
[13:39:31]   hidden 25600/27832
[13:39:31]   hidden 25632/27832
[13:39:31]   hidden 25664/27832
[13:39:31]   hidden 25696/27832
[13:39:31]   hidden 25728/27832
[13:39:32]   hidden 25760/27832
[13:39:32]   hidden 25792/27832
[13:39:32]   hidden 25824/27832
[13:39:32]   hidden 25856/27832
[13:39:32]   hidden 25888/27832
[13:39:32]   hidden 25920/27832
[13:39:32]   hidden 25952/27832
[13:39:32]   hidden 25984/27832
[13:39:33]   hidden 26016/27832
[13:39:33]   hidden 26048/27832
[13:39:33]   hidden 26080/27832
[13:39:33]   hidden 26112/27832
[13:39:33]   hidden 26144/27832
[13:39:33]   hidden 26176/27832
[13:39:33]   hidden 26208/27832
[13:39:33]   hidden 26240/27832
[13:39:33]   hidden 26272/27832
[13:39:34]   hidden 26304/27832
[13:39:34]   hidden 26336/27832
[13:39:34]   hidden 26368/27832
[13:39:34]   hidden 26400/27832
[13:39:34]   hidden 26432/27832
[13:39:34]   hidden 26464/27832
[13:39:34]   hidden 26496/27832
[13:39:34]   hidden 26528/27832
[13:39:35]   hidden 26560/27832
[13:39:35]   hidden 26592/27832
[13:39:35]   hidden 26624/27832
[13:39:35]   hidden 26656/27832
[13:39:35]   hidden 26688/27832
[13:39:35]   hidden 26720/27832
[13:39:35]   hidden 26752/27832
[13:39:35]   hidden 26784/27832
[13:39:36]   hidden 26816/27832
[13:39:36]   hidden 26848/27832
[13:39:36]   hidden 26880/27832
[13:39:36]   hidden 26912/27832
[13:39:36]   hidden 26944/27832
[13:39:36]   hidden 26976/27832
[13:39:36]   hidden 27008/27832
[13:39:36]   hidden 27040/27832
[13:39:37]   hidden 27072/27832
[13:39:37]   hidden 27104/27832
[13:39:37]   hidden 27136/27832
[13:39:37]   hidden 27168/27832
[13:39:37]   hidden 27200/27832
[13:39:37]   hidden 27232/27832
[13:39:37]   hidden 27264/27832
[13:39:38]   hidden 27296/27832
[13:39:38]   hidden 27328/27832
[13:39:38]   hidden 27360/27832
[13:39:38]   hidden 27392/27832
[13:39:38]   hidden 27424/27832
[13:39:38]   hidden 27456/27832
[13:39:38]   hidden 27488/27832
[13:39:39]   hidden 27520/27832
[13:39:39]   hidden 27552/27832
[13:39:39]   hidden 27584/27832
[13:39:39]   hidden 27616/27832
[13:39:39]   hidden 27648/27832
[13:39:39]   hidden 27680/27832
[13:39:39]   hidden 27712/27832
[13:39:40]   hidden 27744/27832
[13:39:40]   hidden 27776/27832
[13:39:40]   hidden 27808/27832
[13:39:40]   hidden 27832/27832
[13:40:40] held-out cache: 1596 texts
[13:40:40] users with >= 200 construction sents + 8 held-out: 39
[13:40:40] held-out deltas: (39, 8, 3, 3584)
[13:40:40] construction deltas: (39, 200, 3, 3584)
[13:40:40] k grid usable (>=20 users each): [10, 20, 40, 80, 120, 150, 200]
[13:40:48] metrics computed
[13:40:48] === top1 per k (L24, mw=5) ===
[13:40:48] k=10   n=39 top1=0.038 own-other=+0.075 agg_top1=0.026
[13:40:48] k=20   n=39 top1=0.029 own-other=+0.099 agg_top1=0.026
[13:40:48] k=40   n=39 top1=0.051 own-other=+0.120 agg_top1=0.051
[13:40:48] k=80   n=39 top1=0.042 own-other=+0.126 agg_top1=0.051
[13:40:48] k=120  n=39 top1=0.026 own-other=+0.127 agg_top1=0.026
[13:40:48] k=150  n=39 top1=0.026 own-other=+0.117 agg_top1=0.051
[13:40:48] k=200  n=39 top1=0.038 own-other=+0.117 agg_top1=0.103
[13:40:48] === top1 per min_words (k=200, L24) ===
[13:40:48] mw=5   n=39 top1=0.038 own-other=+0.117
[13:40:48] mw=10  n=39 top1=0.035 own-other=+0.036
[13:40:48] mw=15  n=39 top1=0.029 own-other=+0.012
[13:40:48] DONE — wrote /fs04/ar57/wenyu/PersoanlQuery/result/e23_style_vector/scale_validity.json (242.2s)
