[2026-08-24 21:50:47] === Stage 6B-γ STRICT (attr_pass=1 length regression) ===
[2026-08-24 21:50:47] loading /home/wlia0047/hj82_scratch2/wenyu/gaussian_vades/query_records_n_input_natural.json
[2026-08-24 21:50:48] loaded 56655 entries
[2026-08-24 21:50:48] 
=== 1. Per-N stats on FULL set (sanity check) ===
[2026-08-24 21:50:48]   N=3: count=12861, n_tok mean=16.49 median= 15.0 std=6.86 attr_pass=66.2% (8512)
[2026-08-24 21:50:48]   N=4: count=11422, n_tok mean=18.76 median= 17.0 std=7.74 attr_pass=57.7% (6593)
[2026-08-24 21:50:48]   N=5: count=10575, n_tok mean=21.81 median= 21.0 std=8.49 attr_pass=53.1% (5616)
[2026-08-24 21:50:48]   N=6: count= 9319, n_tok mean=24.96 median= 23.0 std=10.58 attr_pass=34.2% (3191)
[2026-08-24 21:50:48]   N=7: count= 7631, n_tok mean=28.40 median= 26.0 std=12.30 attr_pass=26.8% (2048)
[2026-08-24 21:50:48] 
=== 2. STRICT subset (attrs_covered == N_input) ===
[2026-08-24 21:50:48] strict entries: 25960
[2026-08-24 21:50:48]   N=3: count=8512, n_tok mean=15.42 median= 14.0 std=6.58 [p25=11.0, p75=18.0]
[2026-08-24 21:50:48]   N=4: count=6593, n_tok mean=17.14 median= 16.0 std=7.32 [p25=12.0, p75=20.0]
[2026-08-24 21:50:48]   N=5: count=5616, n_tok mean=19.99 median= 19.0 std=8.18 [p25=14.0, p75=24.0]
[2026-08-24 21:50:48]   N=6: count=3191, n_tok mean=22.68 median= 20.0 std=9.98 [p25=16.0, p75=27.0]
[2026-08-24 21:50:48]   N=7: count=2048, n_tok mean=24.81 median= 23.0 std=10.96 [p25=18.0, p75=29.0]
[2026-08-24 21:50:48] 
=== 3. Monotonicity check (strict subset) ===
[2026-08-24 21:50:48]   N mean sequence: ['15.42', '17.14', '19.99', '22.68', '24.81']
[2026-08-24 21:50:48]   N median sequence: ['14.0', '16.0', '19.0', '20.0', '23.0']
[2026-08-24 21:50:48]   monotonic mean? True
[2026-08-24 21:50:48]   monotonic median? True
[2026-08-24 21:50:48]   length growth N=3→N=7: 15.42 → 24.81 (Δ=9.39 tokens)
[2026-08-24 21:50:48] 
=== 4. Mixed-effects: n_tok ~ C(N_input) + (1|user_id) + (1|asin) ===
[2026-08-24 21:50:50]   strict rows: 25960
[2026-08-24 21:50:50]   unique users: 2404, unique asins: 2006
[2026-08-24 21:50:53]   continuous N_input (random=user):
[2026-08-24 21:50:53]             Mixed Linear Model Regression Results
  =========================================================
  Model:            MixedLM Dependent Variable: n_tok      
  No. Observations: 25960   Method:             ML         
  No. Groups:       2404    Scale:              50.4968    
  Min. group size:  1       Log-Likelihood:     -89273.3584
  Max. group size:  25      Converged:          Yes        
  Mean group size:  10.8                                   
  ----------------------------------------------------------
             Coef.   Std.Err.    z     P>|z|  [0.025  0.975]
  ----------------------------------------------------------
  Intercept   7.910     0.183  43.185  0.000   7.551   8.269
  N_input     2.517     0.038  66.659  0.000   2.443   2.591
  Group Var  14.009     0.086                               
  =========================================================
  
[2026-08-24 21:50:53]   >>> β_N_input=+2.5170, p=0 [+2.4430, +2.5910] (*** SIG)
[2026-08-24 21:50:53]   Interpretation: each +1 attr → +2.52 tokens, holding user constant
[2026-08-24 21:50:56] 
  categorical N_input (N=3 reference, random=user):
[2026-08-24 21:50:56]              Mixed Linear Model Regression Results
  ===========================================================
  Model:              MixedLM Dependent Variable: n_tok      
  No. Observations:   25960   Method:             ML         
  No. Groups:         2404    Scale:              50.4446    
  Min. group size:    1       Log-Likelihood:     -89258.3672
  Max. group size:    25      Converged:          Yes        
  Mean group size:    10.8                                   
  -----------------------------------------------------------
                  Coef.  Std.Err.    z    P>|z| [0.025 0.975]
  -----------------------------------------------------------
  Intercept       15.651    0.111 141.118 0.000 15.433 15.868
  C(N_input)[T.4]  1.938    0.122  15.882 0.000  1.699  2.177
  C(N_input)[T.5]  4.838    0.128  37.830 0.000  4.588  5.089
  C(N_input)[T.6]  7.677    0.157  48.990 0.000  7.370  7.984
  C(N_input)[T.7]  9.808    0.187  52.521 0.000  9.442 10.174
  Group Var       13.968    0.086                            
  ===========================================================
  
[2026-08-24 21:50:56]   C(N_input)[T.4]: β=+1.938, p=8.378e-57
[2026-08-24 21:50:56]   C(N_input)[T.5]: β=+4.838, p=0
[2026-08-24 21:50:56]   C(N_input)[T.6]: β=+7.677, p=0
[2026-08-24 21:50:56]   C(N_input)[T.7]: β=+9.808, p=0
[2026-08-24 21:50:58] 
  random=asin: β_N_input=+2.5243, p=0 [+2.4501, +2.5984]
[2026-08-24 21:50:58] 
=== 5. Length-bucket stratified: does N effect hold within length buckets? ===
[2026-08-24 21:51:00]   bucket 0-15: n=10882, β_N=+0.568, p=0.0000 (SIG)
[2026-08-24 21:51:02]   bucket 15-25: n=10795, β_N=+0.410, p=0.0000 (SIG)
[2026-08-24 21:51:03]   bucket 25-35: n=3247, β_N=+0.184, p=0.0000 (SIG)
[2026-08-24 21:51:04]   bucket 35-50: n=885, β_N=+0.322, p=0.0005 (SIG)
[2026-08-24 21:51:04]   bucket 50+: n=151, β_N=+1.547, p=0.1358 (n.s.)
[2026-08-24 21:51:04] 
  Spearman ρ(N_input, n_tok) = +0.3639, p = 0
[2026-08-24 21:51:04] 
=== 6. Conclusion ===
[2026-08-24 21:51:04]   ✅ N_attrs → length: β=+2.517 tokens/attr, p=0 (SIGNIFICANT)
[2026-08-24 21:51:04]   Even in strict attr_pass=1 subset, more attrs ⇒ significantly longer queries.
[2026-08-24 21:51:04]   Combined with Stage 6B-γ flat lift1 across N: more content ≠ better user match.
[2026-08-24 21:51:04] 
wrote → /home/wlia0047/ar57/wenyu/PersoanlQuery/result/gaussian_vades/syntax_subspace_stage6b_gamma_strict.json
