[2026-08-24 19:06:54] [stage6b] 加载 PCA48 (复用 Stage 1 / Stage 5B 冻结)...
[2026-08-24 19:06:54] [subspace] 加载 182d sentence cache...
[2026-08-24 19:07:02] [subspace] 299288 句
[2026-08-24 19:07:13] [subspace] 298740 句有效
[2026-08-24 19:07:14] [subspace] X shape: (298740, 182), Y_probes shape: (298740, 6)
[2026-08-24 19:07:15] [subspace] StandardScaler fitted on 5000 sentences
[2026-08-24 19:07:15] [subspace] 149644 rewrites
[2026-08-24 19:07:15] [subspace] 492 rewrite 句特征可用
[2026-08-24 19:07:15] [subspace] 10000 unique users
[2026-08-24 19:07:15] [subspace] user vectors built (StandardScaler 后)
[2026-08-24 19:07:15] [subspace] pair sample: (2000, 2)
[2026-08-24 19:07:16] [subspace] 200 asins with >=50 sents, total=31338
[2026-08-24 19:07:17] [stage6b] Z shape (298740, 48), 10000 users, feature dim = 182
[2026-08-24 19:07:17] [stage6b] cand_users (≥30): 9687
[2026-08-24 19:07:17] [stage6b] 9982 strict_10k records loaded
[2026-08-24 19:07:17] [stage6b] asin pool: 6789 asins, intra ≥3: 575
[2026-08-24 19:07:17] [stage6b] valid records (intra ≥3, cands ok): 2626
[2026-08-24 19:07:17] [stage6b] query feature cache loaded: 10175 entries
[2026-08-24 19:07:17] [stage6b] 拟合每用户 Gaussian (N=30, λ=0.1)...
[2026-08-24 19:07:18] [stage6b] user_gauss ready: 9687 users
[2026-08-24 19:07:18] [stage6b] 计算每条候选 query 的 Mahalanobis...
[2026-08-24 19:07:19]   processed 1000/2626 records (4000 cands ok, 0 skipped)
[2026-08-24 19:07:19]   processed 2000/2626 records (8000 cands ok, 0 skipped)
[2026-08-24 19:07:20] [stage6b] done: 2626 records, 10504 cands ok, 0 skipped
[2026-08-24 19:07:20] 
[stage6b] 已写入 /home/wlia0047/hj82_scratch2/wenyu/gaussian_vades/syntax_subspace_stage6b_length_controlled.json
[2026-08-24 19:07:20] 
[stage6b] === Per N_attrs (cross-length aggregated) ===
[2026-08-24 19:07:20] N   count  margin_mean  margin_pos%  d_self  rank1  rank3  random  lift1  n_tok_mean
[2026-08-24 19:07:20]   0     86     -17.473     32.6%     71.7  0.326  0.860  0.288  1.13×  3.6
[2026-08-24 19:07:20]   1    241    -160.268     17.0%    360.1  0.170  0.585  0.200  0.85×  28.4
[2026-08-24 19:07:20]   2    968    -175.556     23.2%    423.6  0.232  0.693  0.228  1.02×  28.9
[2026-08-24 19:07:20]   3   1971    -200.720     22.7%    472.9  0.227  0.647  0.219  1.04×  30.4
[2026-08-24 19:07:20]   4   3542    -208.147     21.1%    476.4  0.211  0.649  0.215  0.98×  29.6
[2026-08-24 19:07:20]   5   3696    -205.468     22.1%    454.2  0.221  0.659  0.220  1.00×  27.2
[2026-08-24 19:07:20] 
[stage6b] === Per Length bucket (cross-N aggregated) ===
[2026-08-24 19:07:20] Length     count  margin_mean  margin_pos%  d_self  rank1  lift1  n_tok_mean
[2026-08-24 19:07:20]   0-15       414    -273.222     20.3%    532.7  0.203  0.88×  10.6
[2026-08-24 19:07:20]   15-25     3395    -226.539     20.5%    476.7  0.205  1.00×  20.2
[2026-08-24 19:07:20]   25-35     4069    -162.188     23.1%    388.7  0.231  1.04×  29.2
[2026-08-24 19:07:20]   35-50     2368    -206.954     22.3%    493.0  0.223  0.97×  39.7
[2026-08-24 19:07:20]   50-∞       258    -271.814     23.3%    825.4  0.233  0.96×  55.7
[2026-08-24 19:07:20] 
[stage6b] === Per (Length × N_attrs) cell ===
[2026-08-24 19:07:20] Length   N  count  margin_mean  d_self  rank1  lift1
[2026-08-24 19:07:20]   0-15     0    77     -12.614     48.1  0.325  1.09×
[2026-08-24 19:07:20]   0-15     1    31       3.765     83.4  0.226  0.95×
[2026-08-24 19:07:20]   0-15     2    26    -158.791    323.1  0.115  0.46×
[2026-08-24 19:07:20]   0-15     3    45    -388.980    871.2  0.200  0.72×
[2026-08-24 19:07:20]   0-15     4    52    -369.229    778.4  0.212  1.01×
[2026-08-24 19:07:20]   0-15     5   183    -390.311    689.5  0.158  0.83×
[2026-08-24 19:07:20]   15-25    0     3     -64.852    312.7  0.333  1.66×
[2026-08-24 19:07:20]   15-25    1    60    -213.996    459.2  0.150  0.76×
[2026-08-24 19:07:20]   15-25    2   341    -175.029    389.9  0.226  1.05×
[2026-08-24 19:07:20]   15-25    3   554    -192.888    432.8  0.208  1.04×
[2026-08-24 19:07:20]   15-25    4  1058    -252.589    512.9  0.191  0.95×
[2026-08-24 19:07:20]   15-25    5  1379    -233.707    489.2  0.212  1.01×
[2026-08-24 19:07:20]   25-35    0     4    -103.009    247.2  0.250  1.65×
[2026-08-24 19:07:20]   25-35    1    81    -160.404    293.6  0.185  1.04×
[2026-08-24 19:07:20]   25-35    2   350    -161.056    414.7  0.243  1.04×
[2026-08-24 19:07:20]   25-35    3   773    -162.842    411.4  0.246  1.10×
[2026-08-24 19:07:20]   25-35    4  1478    -164.757    406.3  0.229  1.05×
[2026-08-24 19:07:20]   25-35    5  1383    -159.639    356.6  0.224  1.00×
[2026-08-24 19:07:20]   35-50    0     2      37.589    267.8  0.500  1.88×
[2026-08-24 19:07:20]   35-50    1    62    -222.192    483.9  0.097  0.46×
[2026-08-24 19:07:20]   35-50    2   220    -178.919    469.0  0.250  1.08×
[2026-08-24 19:07:20]   35-50    3   521    -219.375    499.3  0.230  1.03×
[2026-08-24 19:07:20]   35-50    4   867    -218.063    507.9  0.203  0.90×
[2026-08-24 19:07:20]   35-50    5   696    -192.023    478.9  0.243  1.02×
[2026-08-24 19:07:20]   50-∞     1     7     123.888    407.2  0.571  2.62×
[2026-08-24 19:07:20]   50-∞     2    31    -335.267    657.3  0.161  0.62×
[2026-08-24 19:07:20]   50-∞     3    78    -398.522    960.1  0.179  0.74×
[2026-08-24 19:07:20]   50-∞     4    87    -209.732    729.8  0.253  1.03×
[2026-08-24 19:07:20]   50-∞     5    55    -204.921    933.5  0.273  1.16×
