[21:41:54] === Stage 6B-γ ANALYZE mode ===
[21:41:54] loaded eval data from /home/wlia0047/hj82_scratch2/wenyu/gaussian_vades/syntax_subspace_stage6b_gamma_eval.json
[21:41:54] recomputing per-row metrics for statistical analysis...
[2026-08-24 21:41:58] [subspace] 加载 182d sentence cache...
[2026-08-24 21:42:06] [subspace] 299288 句
[2026-08-24 21:42:18] [subspace] 298740 句有效
[2026-08-24 21:42:19] [subspace] X shape: (298740, 182), Y_probes shape: (298740, 6)
[2026-08-24 21:42:19] [subspace] StandardScaler fitted on 5000 sentences
[2026-08-24 21:42:19] [subspace] 149644 rewrites
[2026-08-24 21:42:20] [subspace] 492 rewrite 句特征可用
[2026-08-24 21:42:20] [subspace] 10000 unique users
[2026-08-24 21:42:20] [subspace] user vectors built (StandardScaler 后)
[2026-08-24 21:42:20] [subspace] pair sample: (2000, 2)
[2026-08-24 21:42:20] [subspace] 200 asins with >=50 sents, total=31338
[21:42:26]   rows: 6061
[21:42:26] 
=== A) Bootstrap 95% CI for lift1 (dev split) ===
[21:42:26]   dev:
[21:42:26]     N=3: lift1=1.110 [0.976, 1.258] (n=907)
[21:42:26]     N=4: lift1=1.088 [0.953, 1.240] (n=867)
[21:42:26]     N=5: lift1=1.072 [0.935, 1.220] (n=867)
[21:42:26]     N=6: lift1=1.157 [1.009, 1.318] (n=784)
[21:42:26]     N=7: lift1=1.201 [1.017, 1.391] (n=653)
[21:42:26]   test:
[21:42:26]     N=3: lift1=0.882 [0.700, 1.069] (n=450)
[21:42:26]     N=4: lift1=0.783 [0.613, 0.955] (n=424)
[21:42:26]     N=5: lift1=0.915 [0.727, 1.112] (n=411)
[21:42:26]     N=6: lift1=0.749 [0.563, 0.960] (n=375)
[21:42:26]     N=7: lift1=0.811 [0.613, 1.034] (n=323)
[21:42:26]   all:
[21:42:26]     N=3: lift1=1.035 [0.929, 1.149] (n=1357)
[21:42:26]     N=4: lift1=0.988 [0.881, 1.106] (n=1291)
[21:42:26]     N=5: lift1=1.021 [0.907, 1.137] (n=1278)
[21:42:26]     N=6: lift1=1.025 [0.911, 1.146] (n=1159)
[21:42:26]     N=7: lift1=1.072 [0.936, 1.220] (n=976)
[21:42:26] 
=== B) Paired permutation test (N vs N=3 baseline, dev split) ===
[21:42:26]   N=4 vs N=3: diff=+0.0541, p=0.7472 (n.s.), n_pairs=185
[21:42:26]   N=5 vs N=3: diff=-0.0110, p=0.9667 (n.s.), n_pairs=182
[21:42:26]   N=6 vs N=3: diff=+0.0545, p=0.7333 (n.s.), n_pairs=165
[21:42:27]   N=7 vs N=3: diff=+0.1489, p=0.2534 (n.s.), n_pairs=141
[21:42:27] 
=== C) Mixed-effects regression (lift1 ~ N * length + coverage, random=user) ===
[21:42:27]   mixedlm summary (dev):
[21:42:27]                Mixed Linear Model Regression Results
  ================================================================
  Model:                MixedLM   Dependent Variable:   lift1     
  No. Observations:     4078      Method:               ML        
  No. Groups:           190       Scale:                2.0177    
  Min. group size:      5         Log-Likelihood:       -7540.6269
  Max. group size:      25        Converged:            Yes       
  Mean group size:      21.5                                      
  ----------------------------------------------------------------
                        Coef.  Std.Err.   z    P>|z| [0.025 0.975]
  ----------------------------------------------------------------
  Intercept              0.864    0.209  4.126 0.000  0.454  1.274
  C(N_input)[T.4]       -0.033    0.190 -0.173 0.863 -0.405  0.339
  C(N_input)[T.5]       -0.113    0.190 -0.593 0.553 -0.486  0.260
  C(N_input)[T.6]        0.177    0.217  0.815 0.415 -0.248  0.602
  C(N_input)[T.7]        0.174    0.241  0.723 0.470 -0.298  0.647
  n_tok                  0.015    0.008  1.916 0.055 -0.000  0.030
  C(N_input)[T.4]:n_tok -0.001    0.010 -0.120 0.905 -0.021  0.019
  C(N_input)[T.5]:n_tok -0.002    0.009 -0.212 0.832 -0.020  0.016
  C(N_input)[T.6]:n_tok -0.012    0.010 -1.285 0.199 -0.031  0.006
  C(N_input)[T.7]:n_tok -0.012    0.009 -1.251 0.211 -0.030  0.007
  attrs_covered          0.005    0.036  0.152 0.879 -0.065  0.076
  Group Var              2.813    0.216                           
  ================================================================
  
[21:42:27]   mixedlm summary (test):
[21:42:27]                Mixed Linear Model Regression Results
  ================================================================
  Model:                MixedLM   Dependent Variable:   lift1     
  No. Observations:     1983      Method:               ML        
  No. Groups:           96        Scale:                2.3616    
  Min. group size:      5         Log-Likelihood:       -3782.5571
  Max. group size:      25        Converged:            Yes       
  Mean group size:      20.7                                      
  ----------------------------------------------------------------
                        Coef.  Std.Err.   z    P>|z| [0.025 0.975]
  ----------------------------------------------------------------
  Intercept              1.145    0.291  3.935 0.000  0.575  1.716
  C(N_input)[T.4]       -0.707    0.298 -2.375 0.018 -1.291 -0.124
  C(N_input)[T.5]       -0.211    0.322 -0.656 0.512 -0.841  0.420
  C(N_input)[T.6]       -0.547    0.351 -1.556 0.120 -1.236  0.142
  C(N_input)[T.7]       -0.963    0.378 -2.547 0.011 -1.703 -0.222
  n_tok                 -0.024    0.013 -1.865 0.062 -0.049  0.001
  C(N_input)[T.4]:n_tok  0.032    0.016  1.972 0.049  0.000  0.064
  C(N_input)[T.5]:n_tok  0.011    0.016  0.715 0.475 -0.020  0.042
  C(N_input)[T.6]:n_tok  0.020    0.016  1.289 0.197 -0.011  0.051
  C(N_input)[T.7]:n_tok  0.037    0.015  2.427 0.015  0.007  0.066
  attrs_covered          0.049    0.056  0.877 0.381 -0.060  0.158
  Group Var              1.240    0.131                           
  ================================================================
  
[21:42:27] 
=== D) Stratified by asin pool size (3 / 4-5 / 6+) ===
[21:42:27]   dev asin_mp∈3-3:
[21:42:27]     N=3: n=374, rank1=0.342, lift1=1.03×, n_tok=16.7
[21:42:27]     N=4: n=368, rank1=0.318, lift1=0.95×, n_tok=18.0
[21:42:27]     N=5: n=380, rank1=0.329, lift1=0.99×, n_tok=23.0
[21:42:27]     N=6: n=328, rank1=0.378, lift1=1.13×, n_tok=24.0
[21:42:27]     N=7: n=277, rank1=0.325, lift1=0.97×, n_tok=27.6
[21:42:27]   dev asin_mp∈4-5:
[21:42:27]     N=3: n=226, rank1=0.261, lift1=1.17×, n_tok=17.4
[21:42:27]     N=4: n=207, rank1=0.271, lift1=1.21×, n_tok=19.4
[21:42:27]     N=5: n=201, rank1=0.224, lift1=0.99×, n_tok=21.6
[21:42:27]     N=6: n=177, rank1=0.249, lift1=1.13×, n_tok=23.9
[21:42:27]     N=7: n=131, rank1=0.237, lift1=1.06×, n_tok=26.4
[21:42:27]   dev asin_mp∈6-100:
[21:42:27]     N=3: n=307, rank1=0.147, lift1=1.19×, n_tok=16.6
[21:42:27]     N=4: n=292, rank1=0.154, lift1=1.25×, n_tok=17.0
[21:42:27]     N=5: n=286, rank1=0.154, lift1=1.26×, n_tok=20.2
[21:42:27]     N=6: n=279, rank1=0.158, lift1=1.28×, n_tok=23.1
[21:42:27]     N=7: n=245, rank1=0.184, lift1=1.49×, n_tok=29.1
[21:42:27]   test asin_mp∈3-3:
[21:42:27]     N=3: n=179, rank1=0.335, lift1=1.01×, n_tok=16.6
[21:42:27]     N=4: n=161, rank1=0.348, lift1=1.04×, n_tok=18.5
[21:42:27]     N=5: n=166, rank1=0.343, lift1=1.03×, n_tok=21.5
[21:42:27]     N=6: n=151, rank1=0.291, lift1=0.87×, n_tok=23.5
[21:42:27]     N=7: n=121, rank1=0.331, lift1=0.99×, n_tok=28.1
[21:42:27]   test asin_mp∈4-5:
[21:42:27]     N=3: n=108, rank1=0.185, lift1=0.81×, n_tok=16.4
[21:42:27]     N=4: n=102, rank1=0.196, lift1=0.84×, n_tok=18.6
[21:42:27]     N=5: n=104, rank1=0.250, lift1=1.07×, n_tok=22.4
[21:42:27]     N=6: n=81, rank1=0.148, lift1=0.66×, n_tok=23.3
[21:42:27]     N=7: n=69, rank1=0.174, lift1=0.76×, n_tok=27.5
[21:42:27]   test asin_mp∈6-100:
[21:42:27]     N=3: n=163, rank1=0.098, lift1=0.79×, n_tok=15.9
[21:42:27]     N=4: n=161, rank1=0.056, lift1=0.45×, n_tok=16.1
[21:42:27]     N=5: n=141, rank1=0.078, lift1=0.64×, n_tok=18.5
[21:42:27]     N=6: n=143, rank1=0.070, lift1=0.57×, n_tok=22.5
[21:42:27]     N=7: n=133, rank1=0.075, lift1=0.62×, n_tok=28.7
[21:42:27] 
=== E) Composite recommendation ===
[21:42:27]   composite per N (dev split):
[21:42:27]     N=3: lift1=1.09× CI[0.98, 1.26], attr_pass=64%, n_tok=16.8 (+0.0), within_N3_CI=True
[21:42:27]     N=4: lift1=1.06× CI[0.95, 1.24], attr_pass=52%, n_tok=18.0 (+1.1), within_N3_CI=True
[21:42:27]     N=5: lift1=1.03× CI[0.94, 1.22], attr_pass=54%, n_tok=21.8 (+4.9), within_N3_CI=True
[21:42:27]     N=6: lift1=1.16× CI[1.01, 1.32], attr_pass=32%, n_tok=23.6 (+6.8), within_N3_CI=True
[21:42:27]     N=7: lift1=1.09× CI[1.02, 1.39], attr_pass=30%, n_tok=27.9 (+11.1), within_N3_CI=True
[21:42:27]   >>> RECOMMENDED N = None (smallest N with attr_pass>=95% AND lift1 not below N=3)
[21:42:27]   (no N meets composite criteria — falling back to N=4 as default)
[21:42:27] 
wrote analyze → /home/wlia0047/hj82_scratch2/wenyu/gaussian_vades/syntax_subspace_stage6b_gamma_analyze.json
