[15:20:12] ======================================================================
[15:20:12] Phase 13.B-v2 residual fit: subtract neutral, refit per N
[15:20:12] ======================================================================
[15:20:12] [1] Loading cached hiddens + neutral hidden ...
[15:20:16]   users: 198, neutral vecs: (2976, 28, 3584)
[15:20:16]   neutral (layer 14 mean): (3584,)
[15:20:16] [2] Computing residuals & fitting per N (H=3584) ...
[15:20:16]   N=10:
[15:20:16]     198 users
[15:20:16]   N=20:
[15:20:17]     198 users
[15:20:17]   N=30:
[15:20:17]     198 users
[15:20:17]   N=50:
[15:20:17]     196 users
[15:20:17]   N=100:
[15:20:17]     183 users
[15:20:17] [3] Writing CSV: /home/wlia0047/hj82_scratch2/wenyu/vades_prototype/phase13_b_v2_residual_ratio_per_user.csv
[15:20:17] [4] Aggregate per N ...

   N  n_users    mean_mu  mean_sigma  mean_ratio  med_ratio  std_ratio
----------------------------------------------------------------------
  10      198    135.258     282.298      4.2129     2.6034     4.8530
  20      198    121.661     297.681      6.0033     2.8283     7.7018
  30      198    113.620     304.552      6.3669     3.2813     7.9476
  50      196    110.179     309.947      6.3972     3.2874     7.9356
 100      183    103.562     309.596      6.1941     3.6543     6.9954

→ ratio plateau starts at N=50
  At N=50: mean_ratio = 6.3972, ||μ_residual|| = 110.18, ||σ_residual|| = 309.95

Phase 15.D reference (N=10): ratio=7.3, ||μ||=24, ||σ||=175
  (current N=10 vs Phase 15.D — should be similar if protocols match)
[15:20:17]   saved summary: /home/wlia0047/hj82_scratch2/wenyu/vades_prototype/phase13_b_v2_residual_summary.json
[15:20:17] ======================================================================
[15:20:17] PHASE 13.B-v2 RESIDUAL FIT DONE
[15:20:17] ======================================================================
